src/components/NewPostModal.tsx(45,10): error TS6133: 'isSearching' is declared but its value is never read.
